English account queue initialized empty. No media has been published or scheduled.
2026-09-14T19:38:00.394573+09:00 Created English media container
2026-09-14T19:39:12.939383+09:00 English publication requested
2026-09-14T19:39:22.753757+09:00 Instagram returned English media ID
2026-09-14T19:39:23.769784+09:00 English reel published
2026-09-15T17:12:55.556527+09:00 Created English media container
2026-09-15T17:13:28.230166+09:00 English publication requested
2026-09-15T17:13:36.040950+09:00 Instagram returned English media ID
2026-09-15T17:13:37.305905+09:00 English reel published
2026-09-15T22:54:47.477911+09:00 Created English media container
2026-09-15T22:55:40.465516+09:00 English publication requested
2026-09-15T22:55:48.789855+09:00 Instagram returned English media ID
2026-09-15T22:55:49.922706+09:00 English reel published
2026-09-20T12:01:19.242706+09:00 Created Reel media container
2026-09-20T12:02:32.590429+09:00 Reel publication requested
2026-09-20T12:02:42.713910+09:00 Instagram returned Reel media ID
2026-09-20T12:02:43.915374+09:00 Reel reel published
2026-09-20T18:01:14.309274+09:00 Created Reel media container
2026-09-20T18:01:58.272711+09:00 Reel publication requested
2026-09-20T18:02:08.242157+09:00 Instagram returned Reel media ID
2026-09-20T18:02:09.327714+09:00 Reel reel published
2026-09-21T12:00:44.019759+09:00 Created Reel media container
2026-09-21T12:01:16.200038+09:00 Reel publication requested
2026-09-21T12:01:24.159928+09:00 Instagram returned Reel media ID
2026-09-21T12:01:26.354043+09:00 Reel reel published
2026-09-21T18:00:50.240349+09:00 Created Reel media container
2026-09-21T18:01:13.081092+09:00 Reel publication requested
2026-09-21T18:01:21.202937+09:00 Instagram returned Reel media ID
2026-09-21T18:01:22.423619+09:00 Reel reel published
2026-09-22T12:00:52.226723+09:00 Created Reel media container
2026-09-22T12:01:15.960563+09:00 Reel publication requested
2026-09-22T12:01:23.611459+09:00 Instagram returned Reel media ID
2026-09-22T12:01:25.983226+09:00 Reel reel published
2026-09-22T18:00:47.548399+09:00 Created Reel media container
2026-09-22T18:01:19.788489+09:00 Reel publication requested
2026-09-22T18:01:27.958819+09:00 Instagram returned Reel media ID
2026-09-22T18:01:30.053904+09:00 Reel reel published
2026-09-23T12:00:45.690291+09:00 Created Reel media container
2026-09-23T12:01:17.906263+09:00 Reel publication requested
2026-09-23T12:01:28.517350+09:00 Instagram returned Reel media ID
2026-09-23T12:01:30.465961+09:00 Reel reel published
2026-09-23T18:00:46.093063+09:00 Created Reel media container
2026-09-23T18:01:18.409318+09:00 Reel publication requested
2026-09-23T18:01:26.392316+09:00 Instagram returned Reel media ID
2026-09-23T18:01:27.793259+09:00 Reel reel published
2026-09-24T12:00:42.183619+09:00 Created Reel media container
2026-09-24T12:01:05.460120+09:00 Reel publication requested
2026-09-24T12:01:11.762155+09:00 Instagram returned Reel media ID
2026-09-24T12:01:12.945334+09:00 Reel reel published
2026-09-24T18:00:34.477464+09:00 Created Reel media container
2026-09-24T18:00:56.395803+09:00 Reel publication requested
2026-09-24T18:01:04.326289+09:00 Instagram returned Reel media ID
2026-09-24T18:01:05.489782+09:00 Reel reel published
2026-09-25T12:00:42.798695+09:00 Created Reel media container
2026-09-25T12:01:16.004095+09:00 Reel publication requested
